-41.00   00:14:d1:6a:cb:32       TeldioCPE
-42.00   e2:55:7d:5c:7e:8f       \x00\x00\x00\x00
-46.00   e2:55:7d:5c:7e:80       WCWifi
-46.00   e2:55:7d:5c:7e:81       WCGuest
-52.00   00:18:0a:30:22:9f
-52.00   00:18:0a:30:22:9f       WCWifi
-54.00   06:18:0a:30:22:9f       WCGuest
-58.00   06:18:1a:30:22:9f       WCGuest
-62.00   02:18:1a:30:22:9f       WCWifi
-62.00   e2:55:6d:5c:7e:80       WCWifi
-62.00   e2:55:6d:5c:7e:81       WCGuest
-68.00   fa:8f:ca:31:d5:ed       Office TV
-78.00   0a:8d:db:dc:5c:87       WCGuest
-78.00   0c:8d:db:dc:5c:87
-78.00   0c:8d:db:dc:5c:87       WCWifi
-82.00   c0:a0:bb:e5:fb:d5       BenbriaCommon5
-88.00   e2:cb:ac:8e:49:00       WCWifi
-89.00   e6:cb:ac:8e:49:00       WCGuest
