                            SSID BSSID             RSSI CHANNEL HT CC SECURITY (auth/unicast/group)
                         WCGuest 06:18:0a:30:22:9f -52  1       Y  CA WPA2(PSK/AES/AES) 
              The Cool Kids Desk 28:37:37:45:c2:ba -43  1       Y  CA WPA2(PSK/AES/AES) 
              The Cool Kids Desk 28:37:37:45:c2:bb -79  132,+1  Y  CA WPA2(PSK/AES/AES) 
                         WCGuest e2:55:7d:22:dc:61 -68  11      Y  CA WPA2(PSK/AES/AES) 
                       TeldioCPE 00:14:d1:6a:cb:32 -42  1       N  -- WPA(PSK/TKIP/TKIP) WPA2(PSK/TKIP/TKIP) 
                         WCGuest 0a:8d:db:dc:46:ad -80  1       Y  CA WPA2(PSK/AES/AES) 
                         WCGuest e2:55:6d:22:dc:61 -77  153,-1  Y  CA WPA2(PSK/AES/AES) 
                          WCWifi e2:55:6d:22:dc:60 -77  153,-1  Y  CA WPA2(PSK/AES/AES) 
                         WCGuest 0a:8d:cb:dc:5c:87 -82  48,-1   Y  CA WPA2(PSK/AES/AES) 
                         WCGuest 06:18:1a:30:22:9f -54  48,-1   Y  CA WPA2(PSK/AES/AES) 
                          WCWifi 0e:8d:cb:dc:5c:87 -82  48,-1   Y  CA WPA2(PSK/AES/AES) 
                          WCWifi 02:18:1a:30:22:9f -54  48,-1   Y  CA WPA2(PSK/AES/AES) 
                         WCGuest 0a:8d:cb:dc:46:ad -88  44,+1   Y  CA WPA2(PSK/AES/AES) 
                          WCWifi 0e:8d:cb:dc:46:ad -88  44,+1   Y  CA WPA2(PSK/AES/AES) 
                         WCGuest e6:cb:ac:8e:49:00 -76  40,-1   Y  CA WPA2(PSK/AES/AES) 
                          WCWifi e2:cb:ac:8e:49:00 -76  40,-1   Y  CA WPA2(PSK/AES/AES) 
                  BenbriaCommon5 c0:a0:bb:e5:fb:d5 -67  40,-1   Y  CA WPA(PSK/TKIP,AES/TKIP) WPA2(PSK/TKIP,AES/TKIP) 
             Enablence-WIFI-5GHz c0:a0:bb:fe:70:4e -87  36      Y  -- WPA(PSK/AES,TKIP/TKIP) WPA2(PSK/AES,TKIP/TKIP) 
                          WCWifi e2:55:6d:5c:7e:80 -50  157,+1  Y  CA WPA2(PSK/AES/AES) 
                         WCGuest e2:55:6d:5c:7e:81 -50  157,+1  Y  CA WPA2(PSK/AES/AES) 
